// Jest Snapshot v1, https://goo.gl/fbAQLP

exports[`Test App component Should layout match snapshot 1`] = `
<body>
  <div>
    <div>
      <button>
        Create new user
      </button>
      <button>
        Empty users list
      </button>
      <button>
        Update one user
      </button>
      <button>
        Sort by email
      </button>
      <input
        name="search"
        type="text"
        value=""
      />
    </div>
  </div>
</body>
`;
